// Jest Snapshot v1, https://goo.gl/fbAQLP

exports[`NotificationEnhanced Render <NotificationEnhanced/> 1`] = `
<DocumentFragment>
  <div
    class="af-alert af-alert--notification af-alert--mymodifier"
    role="alert"
  >
    <div
      class="af-alert__title"
    >
      <div
        class="af-alert__title-icon"
      >
        <i
          class="glyphicon glyphicon-undefined"
        />
      </div>
      <div
        class="af-alert__title-text"
      >
        title
      </div>
      <button
        class="af-alert__title-icon-close"
        type="button"
      >
        <i
          class="glyphicon glyphicon-close"
        />
      </button>
    </div>
  </div>
</DocumentFragment>
`;
