// Jest Snapshot v1, https://goo.gl/fbAQLP

exports[`<MembersHeaderEnhanced /> Should render MembersHeaderEnhanced 1`] = `
<DocumentFragment>
  <thead
    class="af-table-thead"
  >
    <tr
      class="af-table__tr"
    >
      <th
        class="af-table__th"
        role="columnheader"
      >
        name
      </th>
    </tr>
  </thead>
</DocumentFragment>
`;
