// Jest Snapshot v1, https://goo.gl/fbAQLP

exports[`<NotFound page/> Renders NotFound page component without crashing 1`] = `
<DocumentFragment>
  <div
    class="af-title-bar af-title-bar--hasstepper af-title-bar--backhome"
  >
    <div
      class="container af-title-bar__wrapper"
    >
      <h1
        class="af-title-bar__title"
      >
        title
      </h1>
      <a
        class="btn af-btn--circle"
        href="/"
        title="Retour Ã  l'accueil"
      >
        <i
          class="glyphicon glyphicon-home"
        />
      </a>
      404 Page Not Found
    </div>
  </div>
  <div
    class="container af-container--notfound"
  >
    <h1
      class="af-notfound__title"
    >
      <div
        class="af-notfound__title-covernumber"
      >
        <span
          class="af-notfound__title-number"
        >
          404
        </span>
      </div>
      <div
        class="af-notfound__title-covernot"
      >
        <span
          class="af-notfound__title-not"
        >
          not
          <br />
          found
        </span>
      </div>
    </h1>
    <p
      class="af-notfound__message"
    >
      The page you are looking for is not here!
    </p>
  </div>
</DocumentFragment>
`;
