// Jest Snapshot v1, https://goo.gl/fbAQLP

exports[`<LasyImage/> Should render LasyImage 1`] = `
<DocumentFragment>
  <img
    alt="loading..."
    class="af-lasyimage"
    src="puff.svg"
  />
</DocumentFragment>
`;
