// Jest Snapshot v1, https://goo.gl/fbAQLP

exports[`<EmptyResultsAccessiblity /> Render <EmptyResultsAccessiblity /> with message 1`] = `
<DocumentFragment>
  <div
    class="empty-accessiblity"
  >
    test
  </div>
</DocumentFragment>
`;
