// Jest Snapshot v1, https://goo.gl/fbAQLP

exports[`Render App with Base have env props Should render App baseUrl props when call setFetchCustom 1`] = `
<DocumentFragment>
  <div>
    urllocal
  </div>
</DocumentFragment>
`;
