// Jest Snapshot v1, https://goo.gl/fbAQLP

exports[`Component <MembersEnhanced /> Should render <MembersEnhanced /> with defaultProps 1`] = `
<DocumentFragment>
  <div
    class="af-main container"
  >
    <h1
      class="af-title--content"
    >
      Liste des sociétaires
    </h1>
    <div
      style="min-height: 94px; position: relative;"
    >
       
    </div>
  </div>
</DocumentFragment>
`;

exports[`Component <MembersEnhanced /> Should render <MembersEnhanced /> with one member 1`] = `
<DocumentFragment>
  <div
    class="af-main container"
  >
    <h1
      class="af-title--content"
    >
      Liste des sociétaires
    </h1>
    <div
      style="min-height: 94px; position: relative;"
    >
      <table
        class="af-table af-table--members"
      >
        <thead
          class="af-table-thead"
        >
          <tr
            class="af-table__tr"
          >
            <th
              class="af-table__th af-table__th--sortable"
              role="button"
            >
              <button
                class="af-btn af-btn--table-sorting"
                type="button"
              >
                Prénom
                <span
                  class="af-btn__icon af-btn__icon--table-sorting glyphicon glyphicon-sorting"
                />
              </button>
            </th>
            <th
              class="af-table__th af-table__th--sortable"
              role="button"
            >
              <button
                class="af-btn af-btn--table-sorting"
                type="button"
              >
                Nom
                <span
                  class="af-btn__icon af-btn__icon--table-sorting glyphicon glyphicon-sorting"
                />
              </button>
            </th>
            <th
              class="af-table__th af-table__th--sortable"
              role="button"
            >
              <button
                class="af-btn af-btn--table-sorting"
                type="button"
              >
                Date de naissance
                <span
                  class="af-btn__icon af-btn__icon--table-sorting glyphicon glyphicon-sorting"
                />
              </button>
            </th>
            <th
              class="af-table__th"
              role="columnheader"
            >
              Sexe
            </th>
          </tr>
        </thead>
        <tbody
          class="af-table__body"
        >
          <tr
            class="af-table__tr"
          >
            <td
              class="af-table__cell"
            >
              Samuel
            </td>
            <td
              class="af-table__cell"
            >
              Gomez
            </td>
            <td
              class="af-table__cell"
            >
              20/10/1985
            </td>
            <td
              class="af-table__cell"
            >
              M
            </td>
          </tr>
        </tbody>
      </table>
       
    </div>
  </div>
</DocumentFragment>
`;
