// Jest Snapshot v1, https://goo.gl/fbAQLP

exports[`Td Render <Td/> 1`] = `
<DocumentFragment>
  child td
</DocumentFragment>
`;
