// Jest Snapshot v1, https://goo.gl/fbAQLP

exports[`<TitleBar/> Render <TitleBar /> 1`] = `
<DocumentFragment>
  <div
    class="af-title-bar"
  >
    <div
      class="container-fluid container af-title-bar__wrapper"
    >
      <h1
        class="af-title-bar__title"
      />
    </div>
  </div>
</DocumentFragment>
`;
