// Jest Snapshot v1, https://goo.gl/fbAQLP

exports[`Component <TitleBarEnhanced /> Should render TitleBarEnhanced 1`] = `
<DocumentFragment>
  <div
    class="af-title-bar af-title-bar--red"
  >
    <div
      class="container-fluid container af-title-bar__wrapper"
    >
      <h1
        class="af-title-bar__title"
      />
    </div>
  </div>
</DocumentFragment>
`;
